// Jest Snapshot v1, https://goo.gl/fbAQLP

exports[`Rendering matches snapshot 1`] = `
ShallowWrapper {
  "length": 1,
  Symbol(enzyme.__root__): [Circular],
  Symbol(enzyme.__unrendered__): <App />,
  Symbol(enzyme.__renderer__): Object {
    "batchedUpdates": [Function],
    "getNode": [Function],
    "render": [Function],
    "simulateEvent": [Function],
    "unmount": [Function],
  },
  Symbol(enzyme.__node__): Object {
    "instance": null,
    "key": undefined,
    "nodeType": "host",
    "props": Object {
      "children": Array [
        <TopBar
          onSearch={[Function]}
          onTitleClick={[Function]}
          subtitle="Your favorite celebrities in a single place"
          title="Celebrity Hologram Store"
/>,
        <styled.div
          id="content"
>
          <CelebrityGrid
                    add={[Function]}
                    celebrityList={Array []}
                    close={[Function]}
                    onCardClick={[Function]}
                    onCardHover={[Function]}
                    remove={[Function]}
          />
</styled.div>,
      ],
    },
    "ref": null,
    "rendered": Array [
      Object {
        "instance": null,
        "key": undefined,
        "nodeType": "function",
        "props": Object {
          "onSearch": [Function],
          "onTitleClick": [Function],
          "subtitle": "Your favorite celebrities in a single place",
          "title": "Celebrity Hologram Store",
        },
        "ref": null,
        "rendered": null,
        "type": [Function],
      },
      Object {
        "instance": null,
        "key": undefined,
        "nodeType": "class",
        "props": Object {
          "children": <CelebrityGrid
            add={[Function]}
            celebrityList={Array []}
            close={[Function]}
            onCardClick={[Function]}
            onCardHover={[Function]}
            remove={[Function]}
/>,
          "id": "content",
        },
        "ref": null,
        "rendered": Object {
          "instance": null,
          "key": undefined,
          "nodeType": "function",
          "props": Object {
            "add": [Function],
            "celebrityList": Array [],
            "close": [Function],
            "onCardClick": [Function],
            "onCardHover": [Function],
            "remove": [Function],
          },
          "ref": null,
          "rendered": null,
          "type": [Function],
        },
        "type": [Function],
      },
    ],
    "type": "div",
  },
  Symbol(enzyme.__nodes__): Array [
    Object {
      "instance": null,
      "key": undefined,
      "nodeType": "host",
      "props": Object {
        "children": Array [
          <TopBar
            onSearch={[Function]}
            onTitleClick={[Function]}
            subtitle="Your favorite celebrities in a single place"
            title="Celebrity Hologram Store"
/>,
          <styled.div
            id="content"
>
            <CelebrityGrid
                        add={[Function]}
                        celebrityList={Array []}
                        close={[Function]}
                        onCardClick={[Function]}
                        onCardHover={[Function]}
                        remove={[Function]}
            />
</styled.div>,
        ],
      },
      "ref": null,
      "rendered": Array [
        Object {
          "instance": null,
          "key": undefined,
          "nodeType": "function",
          "props": Object {
            "onSearch": [Function],
            "onTitleClick": [Function],
            "subtitle": "Your favorite celebrities in a single place",
            "title": "Celebrity Hologram Store",
          },
          "ref": null,
          "rendered": null,
          "type": [Function],
        },
        Object {
          "instance": null,
          "key": undefined,
          "nodeType": "class",
          "props": Object {
            "children": <CelebrityGrid
              add={[Function]}
              celebrityList={Array []}
              close={[Function]}
              onCardClick={[Function]}
              onCardHover={[Function]}
              remove={[Function]}
/>,
            "id": "content",
          },
          "ref": null,
          "rendered": Object {
            "instance": null,
            "key": undefined,
            "nodeType": "function",
            "props": Object {
              "add": [Function],
              "celebrityList": Array [],
              "close": [Function],
              "onCardClick": [Function],
              "onCardHover": [Function],
              "remove": [Function],
            },
            "ref": null,
            "rendered": null,
            "type": [Function],
          },
          "type": [Function],
        },
      ],
      "type": "div",
    },
  ],
  Symbol(enzyme.__options__): Object {
    "adapter": ReactSixteenAdapter {
      "options": Object {
        "enableComponentDidUpdateOnSetState": true,
      },
    },
  },
}
`;
